
> ventilator-os-dashboard@1.0.0 dev
> vite --host 127.0.0.1 --port 5173


  [32m[1mVITE[22m v5.4.21[39m  [2mready in [0m[1m362[22m[2m[0m ms[22m

  [32m➜[39m  [1mLocal[22m:   [36mhttp://127.0.0.1:[1m5173[22m/[39m
[2m3:49:11 AM[22m [36m[1m[vite][22m[39m [32mpage reload [39m[2msrc/main.jsx[22m
[2m3:49:18 AM[22m [36m[1m[vite][22m[39m [32mhmr update [39m[2m/src/styles.css[22m
[2m3:49:24 AM[22m [36m[1m[vite][22m[39m [32mpage reload [39m[2msrc/main.jsx[22m
[2m3:49:29 AM[22m [36m[1m[vite][22m[39m [32mpage reload [39m[2msrc/main.jsx[22m
[2m4:01:35 AM[22m [36m[1m[vite][22m[39m [32mpage reload [39m[2msrc/main.jsx[22m
[2m4:01:35 AM[22m [36m[1m[vite][22m[39m [32mpage reload [39m[2msrc/main.jsx[22m
[2m4:01:43 AM[22m [36m[1m[vite][22m[39m [32mpage reload [39m[2msrc/main.jsx[22m
[2m4:02:18 AM[22m [36m[1m[vite][22m[39m [32mpage reload [39m[2msrc/main.jsx[22m
[2m4:04:36 AM[22m [36m[1m[vite][22m[39m [32mpage reload [39m[2msrc/main.jsx[22m
[2m4:05:25 AM[22m [36m[1m[vite][22m[39m [32m✨ new dependencies optimized: [33mthree, three/examples/jsm/loaders/GLTFLoader.js[32m[39m
[2m4:05:27 AM[22m [36m[1m[vite][22m[39m [32m✨ optimized dependencies changed. reloading[39m
[2m4:11:00 AM[22m [36m[1m[vite][22m[39m [32mpage reload [39m[2msrc/main.jsx[22m
[2m4:11:01 AM[22m [36m[1m[vite][22m[39m [32mpage reload [39m[2msrc/main.jsx[22m
[2m4:11:07 AM[22m [36m[1m[vite][22m[39m [32m✨ new dependencies optimized: [33mthree/examples/jsm/loaders/ColladaLoader.js[32m[39m
[2m4:11:08 AM[22m [36m[1m[vite][22m[39m [32m✨ optimized dependencies changed. reloading[39m
[2m4:11:12 AM[22m [36m[1m[vite][22m[39m [32mpage reload [39m[2msrc/main.jsx[22m
