[2m3:49:14 AM[22m [31m[1m[vite][22m[39m Pre-transform error: Failed to resolve import "three" from "src/main.jsx". Does the file exist?
[2m3:49:14 AM[22m [31m[1m[vite][22m[39m Pre-transform error: Failed to resolve import "three" from "src/main.jsx". Does the file exist?
[2m3:49:14 AM[22m [31m[1m[vite][22m[39m [31mInternal server error: Failed to resolve import "three" from "src/main.jsx". Does the file exist?[39m
  Plugin: [35mvite:import-analysis[39m
  File: [36mC:/Users/shaik/Desktop/Major Project/frontend/app/src/main.jsx[39m:40:23
[33m  38 |  import { api, API_BASE } from "./api";
  39 |  import "./styles.css";
  40 |  import * as THREE from "three";
     |                          ^
  41 |  const pages = [
  42 |    { id: "live", label: "Dashboard", icon: LayoutDashboard },[39m
      at TransformPluginContext._formatError (file:///C:/Users/shaik/Desktop/Major%20Project/frontend/app/node_modules/vite/dist/node/chunks/dep-BK3b2jBa.js:49258:41)
      at TransformPluginContext.error (file:///C:/Users/shaik/Desktop/Major%20Project/frontend/app/node_modules/vite/dist/node/chunks/dep-BK3b2jBa.js:49253:16)
      at normalizeUrl (file:///C:/Users/shaik/Desktop/Major%20Project/frontend/app/node_modules/vite/dist/node/chunks/dep-BK3b2jBa.js:64307:23)
      at process.processTicksAndRejections (node:internal/process/task_queues:103:5)
      at async file:///C:/Users/shaik/Desktop/Major%20Project/frontend/app/node_modules/vite/dist/node/chunks/dep-BK3b2jBa.js:64439:39
      at async Promise.all (index 6)
      at async TransformPluginContext.transform (file:///C:/Users/shaik/Desktop/Major%20Project/frontend/app/node_modules/vite/dist/node/chunks/dep-BK3b2jBa.js:64366:7)
      at async PluginContainer.transform (file:///C:/Users/shaik/Desktop/Major%20Project/frontend/app/node_modules/vite/dist/node/chunks/dep-BK3b2jBa.js:49099:18)
      at async loadAndTransform (file:///C:/Users/shaik/Desktop/Major%20Project/frontend/app/node_modules/vite/dist/node/chunks/dep-BK3b2jBa.js:51978:27)
      at async viteTransformMiddleware (file:///C:/Users/shaik/Desktop/Major%20Project/frontend/app/node_modules/vite/dist/node/chunks/dep-BK3b2jBa.js:62106:24)
[2m3:49:14 AM[22m [31m[1m[vite][22m[39m [31mInternal server error: Failed to resolve import "three" from "src/main.jsx". Does the file exist?[39m
  Plugin: [35mvite:import-analysis[39m
  File: [36mC:/Users/shaik/Desktop/Major Project/frontend/app/src/main.jsx[39m:40:23
[33m  38 |  import { api, API_BASE } from "./api";
  39 |  import "./styles.css";
  40 |  import * as THREE from "three";
     |                          ^
  41 |  const pages = [
  42 |    { id: "live", label: "Dashboard", icon: LayoutDashboard },[39m
      at TransformPluginContext._formatError (file:///C:/Users/shaik/Desktop/Major%20Project/frontend/app/node_modules/vite/dist/node/chunks/dep-BK3b2jBa.js:49258:41)
      at TransformPluginContext.error (file:///C:/Users/shaik/Desktop/Major%20Project/frontend/app/node_modules/vite/dist/node/chunks/dep-BK3b2jBa.js:49253:16)
      at normalizeUrl (file:///C:/Users/shaik/Desktop/Major%20Project/frontend/app/node_modules/vite/dist/node/chunks/dep-BK3b2jBa.js:64307:23)
      at process.processTicksAndRejections (node:internal/process/task_queues:103:5)
      at async file:///C:/Users/shaik/Desktop/Major%20Project/frontend/app/node_modules/vite/dist/node/chunks/dep-BK3b2jBa.js:64439:39
      at async Promise.all (index 6)
      at async TransformPluginContext.transform (file:///C:/Users/shaik/Desktop/Major%20Project/frontend/app/node_modules/vite/dist/node/chunks/dep-BK3b2jBa.js:64366:7)
      at async PluginContainer.transform (file:///C:/Users/shaik/Desktop/Major%20Project/frontend/app/node_modules/vite/dist/node/chunks/dep-BK3b2jBa.js:49099:18)
      at async loadAndTransform (file:///C:/Users/shaik/Desktop/Major%20Project/frontend/app/node_modules/vite/dist/node/chunks/dep-BK3b2jBa.js:51978:27)
      at async viteTransformMiddleware (file:///C:/Users/shaik/Desktop/Major%20Project/frontend/app/node_modules/vite/dist/node/chunks/dep-BK3b2jBa.js:62106:24)
[2m3:49:19 AM[22m [31m[1m[vite][22m[39m Pre-transform error: Failed to resolve import "three" from "src/main.jsx". Does the file exist?
[2m3:49:19 AM[22m [31m[1m[vite][22m[39m Pre-transform error: Failed to resolve import "three" from "src/main.jsx". Does the file exist?
[2m3:49:19 AM[22m [31m[1m[vite][22m[39m [31mInternal server error: Failed to resolve import "three" from "src/main.jsx". Does the file exist?[39m
  Plugin: [35mvite:import-analysis[39m
  File: [36mC:/Users/shaik/Desktop/Major Project/frontend/app/src/main.jsx[39m:40:23
[33m  38 |  import { api, API_BASE } from "./api";
  39 |  import "./styles.css";
  40 |  import * as THREE from "three";
     |                          ^
  41 |  const pages = [
  42 |    { id: "live", label: "Dashboard", icon: LayoutDashboard },[39m
      at TransformPluginContext._formatError (file:///C:/Users/shaik/Desktop/Major%20Project/frontend/app/node_modules/vite/dist/node/chunks/dep-BK3b2jBa.js:49258:41)
      at TransformPluginContext.error (file:///C:/Users/shaik/Desktop/Major%20Project/frontend/app/node_modules/vite/dist/node/chunks/dep-BK3b2jBa.js:49253:16)
      at normalizeUrl (file:///C:/Users/shaik/Desktop/Major%20Project/frontend/app/node_modules/vite/dist/node/chunks/dep-BK3b2jBa.js:64307:23)
      at process.processTicksAndRejections (node:internal/process/task_queues:103:5)
      at async file:///C:/Users/shaik/Desktop/Major%20Project/frontend/app/node_modules/vite/dist/node/chunks/dep-BK3b2jBa.js:64439:39
      at async Promise.all (index 6)
      at async TransformPluginContext.transform (file:///C:/Users/shaik/Desktop/Major%20Project/frontend/app/node_modules/vite/dist/node/chunks/dep-BK3b2jBa.js:64366:7)
      at async PluginContainer.transform (file:///C:/Users/shaik/Desktop/Major%20Project/frontend/app/node_modules/vite/dist/node/chunks/dep-BK3b2jBa.js:49099:18)
      at async loadAndTransform (file:///C:/Users/shaik/Desktop/Major%20Project/frontend/app/node_modules/vite/dist/node/chunks/dep-BK3b2jBa.js:51978:27)
      at async viteTransformMiddleware (file:///C:/Users/shaik/Desktop/Major%20Project/frontend/app/node_modules/vite/dist/node/chunks/dep-BK3b2jBa.js:62106:24)
[2m3:49:19 AM[22m [31m[1m[vite][22m[39m [31mInternal server error: Failed to resolve import "three" from "src/main.jsx". Does the file exist?[39m
  Plugin: [35mvite:import-analysis[39m
  File: [36mC:/Users/shaik/Desktop/Major Project/frontend/app/src/main.jsx[39m:40:23
[33m  38 |  import { api, API_BASE } from "./api";
  39 |  import "./styles.css";
  40 |  import * as THREE from "three";
     |                          ^
  41 |  const pages = [
  42 |    { id: "live", label: "Dashboard", icon: LayoutDashboard },[39m
      at TransformPluginContext._formatError (file:///C:/Users/shaik/Desktop/Major%20Project/frontend/app/node_modules/vite/dist/node/chunks/dep-BK3b2jBa.js:49258:41)
      at TransformPluginContext.error (file:///C:/Users/shaik/Desktop/Major%20Project/frontend/app/node_modules/vite/dist/node/chunks/dep-BK3b2jBa.js:49253:16)
      at normalizeUrl (file:///C:/Users/shaik/Desktop/Major%20Project/frontend/app/node_modules/vite/dist/node/chunks/dep-BK3b2jBa.js:64307:23)
      at process.processTicksAndRejections (node:internal/process/task_queues:103:5)
      at async file:///C:/Users/shaik/Desktop/Major%20Project/frontend/app/node_modules/vite/dist/node/chunks/dep-BK3b2jBa.js:64439:39
      at async Promise.all (index 6)
      at async TransformPluginContext.transform (file:///C:/Users/shaik/Desktop/Major%20Project/frontend/app/node_modules/vite/dist/node/chunks/dep-BK3b2jBa.js:64366:7)
      at async PluginContainer.transform (file:///C:/Users/shaik/Desktop/Major%20Project/frontend/app/node_modules/vite/dist/node/chunks/dep-BK3b2jBa.js:49099:18)
      at async loadAndTransform (file:///C:/Users/shaik/Desktop/Major%20Project/frontend/app/node_modules/vite/dist/node/chunks/dep-BK3b2jBa.js:51978:27)
      at async viteTransformMiddleware (file:///C:/Users/shaik/Desktop/Major%20Project/frontend/app/node_modules/vite/dist/node/chunks/dep-BK3b2jBa.js:62106:24)
[2m3:49:25 AM[22m [31m[1m[vite][22m[39m Pre-transform error: Failed to resolve import "three" from "src/main.jsx". Does the file exist?
[2m3:49:25 AM[22m [31m[1m[vite][22m[39m Pre-transform error: Failed to resolve import "three" from "src/main.jsx". Does the file exist?
[2m3:49:25 AM[22m [31m[1m[vite][22m[39m [31mInternal server error: Failed to resolve import "three" from "src/main.jsx". Does the file exist?[39m
  Plugin: [35mvite:import-analysis[39m
  File: [36mC:/Users/shaik/Desktop/Major Project/frontend/app/src/main.jsx[39m:40:23
[33m  38 |  import { api, API_BASE } from "./api";
  39 |  import "./styles.css";
  40 |  import * as THREE from "three";
     |                          ^
  41 |  const pages = [
  42 |    { id: "live", label: "Dashboard", icon: LayoutDashboard },[39m
      at TransformPluginContext._formatError (file:///C:/Users/shaik/Desktop/Major%20Project/frontend/app/node_modules/vite/dist/node/chunks/dep-BK3b2jBa.js:49258:41)
      at TransformPluginContext.error (file:///C:/Users/shaik/Desktop/Major%20Project/frontend/app/node_modules/vite/dist/node/chunks/dep-BK3b2jBa.js:49253:16)
      at normalizeUrl (file:///C:/Users/shaik/Desktop/Major%20Project/frontend/app/node_modules/vite/dist/node/chunks/dep-BK3b2jBa.js:64307:23)
      at process.processTicksAndRejections (node:internal/process/task_queues:103:5)
      at async file:///C:/Users/shaik/Desktop/Major%20Project/frontend/app/node_modules/vite/dist/node/chunks/dep-BK3b2jBa.js:64439:39
      at async Promise.all (index 6)
      at async TransformPluginContext.transform (file:///C:/Users/shaik/Desktop/Major%20Project/frontend/app/node_modules/vite/dist/node/chunks/dep-BK3b2jBa.js:64366:7)
      at async PluginContainer.transform (file:///C:/Users/shaik/Desktop/Major%20Project/frontend/app/node_modules/vite/dist/node/chunks/dep-BK3b2jBa.js:49099:18)
      at async loadAndTransform (file:///C:/Users/shaik/Desktop/Major%20Project/frontend/app/node_modules/vite/dist/node/chunks/dep-BK3b2jBa.js:51978:27)
      at async viteTransformMiddleware (file:///C:/Users/shaik/Desktop/Major%20Project/frontend/app/node_modules/vite/dist/node/chunks/dep-BK3b2jBa.js:62106:24)
[2m3:49:25 AM[22m [31m[1m[vite][22m[39m [31mInternal server error: Failed to resolve import "three" from "src/main.jsx". Does the file exist?[39m
  Plugin: [35mvite:import-analysis[39m
  File: [36mC:/Users/shaik/Desktop/Major Project/frontend/app/src/main.jsx[39m:40:23
[33m  38 |  import { api, API_BASE } from "./api";
  39 |  import "./styles.css";
  40 |  import * as THREE from "three";
     |                          ^
  41 |  const pages = [
  42 |    { id: "live", label: "Dashboard", icon: LayoutDashboard },[39m
      at TransformPluginContext._formatError (file:///C:/Users/shaik/Desktop/Major%20Project/frontend/app/node_modules/vite/dist/node/chunks/dep-BK3b2jBa.js:49258:41)
      at TransformPluginContext.error (file:///C:/Users/shaik/Desktop/Major%20Project/frontend/app/node_modules/vite/dist/node/chunks/dep-BK3b2jBa.js:49253:16)
      at normalizeUrl (file:///C:/Users/shaik/Desktop/Major%20Project/frontend/app/node_modules/vite/dist/node/chunks/dep-BK3b2jBa.js:64307:23)
      at process.processTicksAndRejections (node:internal/process/task_queues:103:5)
      at async file:///C:/Users/shaik/Desktop/Major%20Project/frontend/app/node_modules/vite/dist/node/chunks/dep-BK3b2jBa.js:64439:39
      at async Promise.all (index 6)
      at async TransformPluginContext.transform (file:///C:/Users/shaik/Desktop/Major%20Project/frontend/app/node_modules/vite/dist/node/chunks/dep-BK3b2jBa.js:64366:7)
      at async PluginContainer.transform (file:///C:/Users/shaik/Desktop/Major%20Project/frontend/app/node_modules/vite/dist/node/chunks/dep-BK3b2jBa.js:49099:18)
      at async loadAndTransform (file:///C:/Users/shaik/Desktop/Major%20Project/frontend/app/node_modules/vite/dist/node/chunks/dep-BK3b2jBa.js:51978:27)
      at async viteTransformMiddleware (file:///C:/Users/shaik/Desktop/Major%20Project/frontend/app/node_modules/vite/dist/node/chunks/dep-BK3b2jBa.js:62106:24)
[2m3:49:29 AM[22m [31m[1m[vite][22m[39m Pre-transform error: Failed to resolve import "three" from "src/main.jsx". Does the file exist?
[2m3:49:29 AM[22m [31m[1m[vite][22m[39m [31mInternal server error: Failed to resolve import "three" from "src/main.jsx". Does the file exist?[39m
  Plugin: [35mvite:import-analysis[39m
  File: [36mC:/Users/shaik/Desktop/Major Project/frontend/app/src/main.jsx[39m:40:23
[33m  38 |  import { api, API_BASE } from "./api";
  39 |  import "./styles.css";
  40 |  import * as THREE from "three";
     |                          ^
  41 |  const pages = [
  42 |    { id: "live", label: "Dashboard", icon: LayoutDashboard },[39m
      at TransformPluginContext._formatError (file:///C:/Users/shaik/Desktop/Major%20Project/frontend/app/node_modules/vite/dist/node/chunks/dep-BK3b2jBa.js:49258:41)
      at TransformPluginContext.error (file:///C:/Users/shaik/Desktop/Major%20Project/frontend/app/node_modules/vite/dist/node/chunks/dep-BK3b2jBa.js:49253:16)
      at normalizeUrl (file:///C:/Users/shaik/Desktop/Major%20Project/frontend/app/node_modules/vite/dist/node/chunks/dep-BK3b2jBa.js:64307:23)
      at process.processTicksAndRejections (node:internal/process/task_queues:103:5)
      at async file:///C:/Users/shaik/Desktop/Major%20Project/frontend/app/node_modules/vite/dist/node/chunks/dep-BK3b2jBa.js:64439:39
      at async Promise.all (index 6)
      at async TransformPluginContext.transform (file:///C:/Users/shaik/Desktop/Major%20Project/frontend/app/node_modules/vite/dist/node/chunks/dep-BK3b2jBa.js:64366:7)
      at async PluginContainer.transform (file:///C:/Users/shaik/Desktop/Major%20Project/frontend/app/node_modules/vite/dist/node/chunks/dep-BK3b2jBa.js:49099:18)
      at async loadAndTransform (file:///C:/Users/shaik/Desktop/Major%20Project/frontend/app/node_modules/vite/dist/node/chunks/dep-BK3b2jBa.js:51978:27)
      at async viteTransformMiddleware (file:///C:/Users/shaik/Desktop/Major%20Project/frontend/app/node_modules/vite/dist/node/chunks/dep-BK3b2jBa.js:62106:24)
[2m3:49:29 AM[22m [31m[1m[vite][22m[39m Pre-transform error: Failed to resolve import "three" from "src/main.jsx". Does the file exist?
[2m3:49:29 AM[22m [31m[1m[vite][22m[39m [31mInternal server error: Failed to resolve import "three" from "src/main.jsx". Does the file exist?[39m
  Plugin: [35mvite:import-analysis[39m
  File: [36mC:/Users/shaik/Desktop/Major Project/frontend/app/src/main.jsx[39m:40:23
[33m  38 |  import { api, API_BASE } from "./api";
  39 |  import "./styles.css";
  40 |  import * as THREE from "three";
     |                          ^
  41 |  const pages = [
  42 |    { id: "live", label: "Dashboard", icon: LayoutDashboard },[39m
      at TransformPluginContext._formatError (file:///C:/Users/shaik/Desktop/Major%20Project/frontend/app/node_modules/vite/dist/node/chunks/dep-BK3b2jBa.js:49258:41)
      at TransformPluginContext.error (file:///C:/Users/shaik/Desktop/Major%20Project/frontend/app/node_modules/vite/dist/node/chunks/dep-BK3b2jBa.js:49253:16)
      at normalizeUrl (file:///C:/Users/shaik/Desktop/Major%20Project/frontend/app/node_modules/vite/dist/node/chunks/dep-BK3b2jBa.js:64307:23)
      at process.processTicksAndRejections (node:internal/process/task_queues:103:5)
      at async file:///C:/Users/shaik/Desktop/Major%20Project/frontend/app/node_modules/vite/dist/node/chunks/dep-BK3b2jBa.js:64439:39
      at async Promise.all (index 6)
      at async TransformPluginContext.transform (file:///C:/Users/shaik/Desktop/Major%20Project/frontend/app/node_modules/vite/dist/node/chunks/dep-BK3b2jBa.js:64366:7)
      at async PluginContainer.transform (file:///C:/Users/shaik/Desktop/Major%20Project/frontend/app/node_modules/vite/dist/node/chunks/dep-BK3b2jBa.js:49099:18)
      at async loadAndTransform (file:///C:/Users/shaik/Desktop/Major%20Project/frontend/app/node_modules/vite/dist/node/chunks/dep-BK3b2jBa.js:51978:27)
      at async viteTransformMiddleware (file:///C:/Users/shaik/Desktop/Major%20Project/frontend/app/node_modules/vite/dist/node/chunks/dep-BK3b2jBa.js:62106:24)
[2m4:01:40 AM[22m [31m[1m[vite][22m[39m [31mInternal server error: Transform failed with 1 error:
C:/Users/shaik/Desktop/Major Project/frontend/app/src/main.jsx:42:12: ERROR: The symbol "THREE" has already been declared[39m
  Plugin: [35mvite:esbuild[39m
  File: [36mC:/Users/shaik/Desktop/Major Project/frontend/app/src/main.jsx[39m:42:12
[33m  
  [33mThe symbol "THREE" has already been declared[33m
  40 |  import { api, API_BASE } from "./api";
  41 |  import "./styles.css";
  42 |  import * as THREE from "three";
     |              ^
  43 |  
  44 |  const pages = [
  [39m
      at failureErrorWithLog (C:\Users\shaik\Desktop\Major Project\frontend\app\node_modules\esbuild\lib\main.js:1472:15)
      at C:\Users\shaik\Desktop\Major Project\frontend\app\node_modules\esbuild\lib\main.js:755:50
      at responseCallbacks.<computed> (C:\Users\shaik\Desktop\Major Project\frontend\app\node_modules\esbuild\lib\main.js:622:9)
      at handleIncomingPacket (C:\Users\shaik\Desktop\Major Project\frontend\app\node_modules\esbuild\lib\main.js:677:12)
      at Socket.readFromStdout (C:\Users\shaik\Desktop\Major Project\frontend\app\node_modules\esbuild\lib\main.js:600:7)
      at Socket.emit (node:events:508:28)
      at addChunk (node:internal/streams/readable:559:12)
      at readableAddChunkPushByteMode (node:internal/streams/readable:510:3)
      at Readable.push (node:internal/streams/readable:390:5)
      at Pipe.onStreamRead (node:internal/stream_base_commons:189:23)
[2m4:01:40 AM[22m [31m[1m[vite][22m[39m Pre-transform error: Transform failed with 1 error:
C:/Users/shaik/Desktop/Major Project/frontend/app/src/main.jsx:42:12: ERROR: The symbol "THREE" has already been declared
[2m4:01:41 AM[22m [31m[1m[vite][22m[39m Pre-transform error: Transform failed with 1 error:
C:/Users/shaik/Desktop/Major Project/frontend/app/src/main.jsx:42:12: ERROR: The symbol "THREE" has already been declared
[2m4:01:42 AM[22m [31m[1m[vite][22m[39m [31mInternal server error: Transform failed with 1 error:
C:/Users/shaik/Desktop/Major Project/frontend/app/src/main.jsx:42:12: ERROR: The symbol "THREE" has already been declared[39m
  Plugin: [35mvite:esbuild[39m
  File: [36mC:/Users/shaik/Desktop/Major Project/frontend/app/src/main.jsx[39m:42:12
[33m  
  [33mThe symbol "THREE" has already been declared[33m
  40 |  import { api, API_BASE } from "./api";
  41 |  import "./styles.css";
  42 |  import * as THREE from "three";
     |              ^
  43 |  
  44 |  const pages = [
  [39m
      at failureErrorWithLog (C:\Users\shaik\Desktop\Major Project\frontend\app\node_modules\esbuild\lib\main.js:1472:15)
      at C:\Users\shaik\Desktop\Major Project\frontend\app\node_modules\esbuild\lib\main.js:755:50
      at responseCallbacks.<computed> (C:\Users\shaik\Desktop\Major Project\frontend\app\node_modules\esbuild\lib\main.js:622:9)
      at handleIncomingPacket (C:\Users\shaik\Desktop\Major Project\frontend\app\node_modules\esbuild\lib\main.js:677:12)
      at Socket.readFromStdout (C:\Users\shaik\Desktop\Major Project\frontend\app\node_modules\esbuild\lib\main.js:600:7)
      at Socket.emit (node:events:508:28)
      at addChunk (node:internal/streams/readable:559:12)
      at readableAddChunkPushByteMode (node:internal/streams/readable:510:3)
      at Readable.push (node:internal/streams/readable:390:5)
      at Pipe.onStreamRead (node:internal/stream_base_commons:189:23)
[2m4:01:44 AM[22m [31m[1m[vite][22m[39m Pre-transform error: Transform failed with 1 error:
C:/Users/shaik/Desktop/Major Project/frontend/app/src/main.jsx:42:12: ERROR: The symbol "THREE" has already been declared
[2m4:01:46 AM[22m [31m[1m[vite][22m[39m Pre-transform error: Transform failed with 1 error:
C:/Users/shaik/Desktop/Major Project/frontend/app/src/main.jsx:42:12: ERROR: The symbol "THREE" has already been declared
[2m4:01:46 AM[22m [31m[1m[vite][22m[39m [31mInternal server error: Transform failed with 1 error:
C:/Users/shaik/Desktop/Major Project/frontend/app/src/main.jsx:42:12: ERROR: The symbol "THREE" has already been declared[39m
  Plugin: [35mvite:esbuild[39m
  File: [36mC:/Users/shaik/Desktop/Major Project/frontend/app/src/main.jsx[39m:42:12
[33m  
  [33mThe symbol "THREE" has already been declared[33m
  40 |  import { api, API_BASE } from "./api";
  41 |  import "./styles.css";
  42 |  import * as THREE from "three";
     |              ^
  43 |  
  44 |  const pages = [
  [39m
      at failureErrorWithLog (C:\Users\shaik\Desktop\Major Project\frontend\app\node_modules\esbuild\lib\main.js:1472:15)
      at C:\Users\shaik\Desktop\Major Project\frontend\app\node_modules\esbuild\lib\main.js:755:50
      at responseCallbacks.<computed> (C:\Users\shaik\Desktop\Major Project\frontend\app\node_modules\esbuild\lib\main.js:622:9)
      at handleIncomingPacket (C:\Users\shaik\Desktop\Major Project\frontend\app\node_modules\esbuild\lib\main.js:677:12)
      at Socket.readFromStdout (C:\Users\shaik\Desktop\Major Project\frontend\app\node_modules\esbuild\lib\main.js:600:7)
      at Socket.emit (node:events:508:28)
      at addChunk (node:internal/streams/readable:559:12)
      at readableAddChunkPushByteMode (node:internal/streams/readable:510:3)
      at Readable.push (node:internal/streams/readable:390:5)
      at Pipe.onStreamRead (node:internal/stream_base_commons:189:23)
[2m4:01:47 AM[22m [31m[1m[vite][22m[39m [31mInternal server error: Transform failed with 1 error:
C:/Users/shaik/Desktop/Major Project/frontend/app/src/main.jsx:42:12: ERROR: The symbol "THREE" has already been declared[39m
  Plugin: [35mvite:esbuild[39m
  File: [36mC:/Users/shaik/Desktop/Major Project/frontend/app/src/main.jsx[39m:42:12
[33m  
  [33mThe symbol "THREE" has already been declared[33m
  40 |  import { api, API_BASE } from "./api";
  41 |  import "./styles.css";
  42 |  import * as THREE from "three";
     |              ^
  43 |  
  44 |  const pages = [
  [39m
      at failureErrorWithLog (C:\Users\shaik\Desktop\Major Project\frontend\app\node_modules\esbuild\lib\main.js:1472:15)
      at C:\Users\shaik\Desktop\Major Project\frontend\app\node_modules\esbuild\lib\main.js:755:50
      at responseCallbacks.<computed> (C:\Users\shaik\Desktop\Major Project\frontend\app\node_modules\esbuild\lib\main.js:622:9)
      at handleIncomingPacket (C:\Users\shaik\Desktop\Major Project\frontend\app\node_modules\esbuild\lib\main.js:677:12)
      at Socket.readFromStdout (C:\Users\shaik\Desktop\Major Project\frontend\app\node_modules\esbuild\lib\main.js:600:7)
      at Socket.emit (node:events:508:28)
      at addChunk (node:internal/streams/readable:559:12)
      at readableAddChunkPushByteMode (node:internal/streams/readable:510:3)
      at Readable.push (node:internal/streams/readable:390:5)
      at Pipe.onStreamRead (node:internal/stream_base_commons:189:23)
[2m4:02:19 AM[22m [31m[1m[vite][22m[39m Pre-transform error: Transform failed with 1 error:
C:/Users/shaik/Desktop/Major Project/frontend/app/src/main.jsx:42:12: ERROR: The symbol "THREE" has already been declared
[2m4:02:19 AM[22m [31m[1m[vite][22m[39m Pre-transform error: Transform failed with 1 error:
C:/Users/shaik/Desktop/Major Project/frontend/app/src/main.jsx:42:12: ERROR: The symbol "THREE" has already been declared
[2m4:02:19 AM[22m [31m[1m[vite][22m[39m [31mInternal server error: Transform failed with 1 error:
C:/Users/shaik/Desktop/Major Project/frontend/app/src/main.jsx:42:12: ERROR: The symbol "THREE" has already been declared[39m
  Plugin: [35mvite:esbuild[39m
  File: [36mC:/Users/shaik/Desktop/Major Project/frontend/app/src/main.jsx[39m:42:12
[33m  
  [33mThe symbol "THREE" has already been declared[33m
  40 |  import { api, API_BASE } from "./api";
  41 |  import "./styles.css";
  42 |  import * as THREE from "three";
     |              ^
  43 |  
  44 |  const pages = [
  [39m
      at failureErrorWithLog (C:\Users\shaik\Desktop\Major Project\frontend\app\node_modules\esbuild\lib\main.js:1472:15)
      at C:\Users\shaik\Desktop\Major Project\frontend\app\node_modules\esbuild\lib\main.js:755:50
      at responseCallbacks.<computed> (C:\Users\shaik\Desktop\Major Project\frontend\app\node_modules\esbuild\lib\main.js:622:9)
      at handleIncomingPacket (C:\Users\shaik\Desktop\Major Project\frontend\app\node_modules\esbuild\lib\main.js:677:12)
      at Socket.readFromStdout (C:\Users\shaik\Desktop\Major Project\frontend\app\node_modules\esbuild\lib\main.js:600:7)
      at Socket.emit (node:events:508:28)
      at addChunk (node:internal/streams/readable:559:12)
      at readableAddChunkPushByteMode (node:internal/streams/readable:510:3)
      at Readable.push (node:internal/streams/readable:390:5)
      at Pipe.onStreamRead (node:internal/stream_base_commons:189:23)
[2m4:02:19 AM[22m [31m[1m[vite][22m[39m [31mInternal server error: Transform failed with 1 error:
C:/Users/shaik/Desktop/Major Project/frontend/app/src/main.jsx:42:12: ERROR: The symbol "THREE" has already been declared[39m
  Plugin: [35mvite:esbuild[39m
  File: [36mC:/Users/shaik/Desktop/Major Project/frontend/app/src/main.jsx[39m:42:12
[33m  
  [33mThe symbol "THREE" has already been declared[33m
  40 |  import { api, API_BASE } from "./api";
  41 |  import "./styles.css";
  42 |  import * as THREE from "three";
     |              ^
  43 |  
  44 |  const pages = [
  [39m
      at failureErrorWithLog (C:\Users\shaik\Desktop\Major Project\frontend\app\node_modules\esbuild\lib\main.js:1472:15)
      at C:\Users\shaik\Desktop\Major Project\frontend\app\node_modules\esbuild\lib\main.js:755:50
      at responseCallbacks.<computed> (C:\Users\shaik\Desktop\Major Project\frontend\app\node_modules\esbuild\lib\main.js:622:9)
      at handleIncomingPacket (C:\Users\shaik\Desktop\Major Project\frontend\app\node_modules\esbuild\lib\main.js:677:12)
      at Socket.readFromStdout (C:\Users\shaik\Desktop\Major Project\frontend\app\node_modules\esbuild\lib\main.js:600:7)
      at Socket.emit (node:events:508:28)
      at addChunk (node:internal/streams/readable:559:12)
      at readableAddChunkPushByteMode (node:internal/streams/readable:510:3)
      at Readable.push (node:internal/streams/readable:390:5)
      at Pipe.onStreamRead (node:internal/stream_base_commons:189:23)
