============================================================
Ventilator Digital Twin - Flask Relay Server
============================================================
API: http://localhost:8000
Demo Mode: True
Starting on http://localhost:5050
============================================================
 * Serving Flask app 'relay'
 * Debug mode: off
[RELAY] API fetch failed: HTTPConnectionPool(host='localhost', port=8000): Read timed out. (read timeout=2)
[RELAY] API fetch failed: HTTPConnectionPool(host='localhost', port=8000): Read timed out. (read timeout=2)
[RELAY] API fetch failed: HTTPConnectionPool(host='localhost', port=8000): Read timed out. (read timeout=2)
[RELAY] API fetch failed: HTTPConnectionPool(host='localhost', port=8000): Read timed out. (read timeout=2)
[RELAY] API fetch failed: HTTPConnectionPool(host='localhost', port=8000): Read timed out. (read timeout=2)
[RELAY] API fetch failed: HTTPConnectionPool(host='localhost', port=8000): Read timed out. (read timeout=2)
[RELAY] API fetch failed: HTTPConnectionPool(host='localhost', port=8000): Read timed out. (read timeout=2)
[RELAY] API fetch failed: HTTPConnectionPool(host='localhost', port=8000): Read timed out. (read timeout=2)
[RELAY] API fetch failed: HTTPConnectionPool(host='localhost', port=8000): Read timed out. (read timeout=2)
[RELAY] API fetch failed: HTTPConnectionPool(host='localhost', port=8000): Read timed out. (read timeout=2)
[RELAY] API fetch failed: HTTPConnectionPool(host='localhost', port=8000): Read timed out. (read timeout=2)
[RELAY] API fetch failed: HTTPConnectionPool(host='localhost', port=8000): Read timed out. (read timeout=2)
[RELAY] API fetch failed: HTTPConnectionPool(host='localhost', port=8000): Read timed out. (read timeout=2)
[RELAY] API fetch failed: HTTPConnectionPool(host='localhost', port=8000): Read timed out. (read timeout=2)
[RELAY] API fetch failed: HTTPConnectionPool(host='localhost', port=8000): Read timed out. (read timeout=2)
[RELAY] API fetch failed: HTTPConnectionPool(host='localhost', port=8000): Read timed out. (read timeout=2)
[RELAY] API fetch failed: HTTPConnectionPool(host='localhost', port=8000): Read timed out. (read timeout=2)
[RELAY] API fetch failed: HTTPConnectionPool(host='localhost', port=8000): Read timed out. (read timeout=2)
[RELAY] API fetch failed: HTTPConnectionPool(host='localhost', port=8000): Read timed out. (read timeout=2)
[RELAY] API fetch failed: HTTPConnectionPool(host='localhost', port=8000): Read timed out. (read timeout=2)
[RELAY] API fetch failed: HTTPConnectionPool(host='localhost', port=8000): Read timed out. (read timeout=2)
[RELAY] API fetch failed: HTTPConnectionPool(host='localhost', port=8000): Read timed out. (read timeout=2)
[RELAY] API fetch failed: HTTPConnectionPool(host='localhost', port=8000): Read timed out. (read timeout=2)
[RELAY] API fetch failed: HTTPConnectionPool(host='localhost', port=8000): Read timed out. (read timeout=2)
[RELAY] API fetch failed: HTTPConnectionPool(host='localhost', port=8000): Read timed out. (read timeout=2)
[RELAY] API fetch failed: HTTPConnectionPool(host='localhost', port=8000): Read timed out. (read timeout=2)
[RELAY] API fetch failed: HTTPConnectionPool(host='localhost', port=8000): Read timed out. (read timeout=2)
[RELAY] API fetch failed: HTTPConnectionPool(host='localhost', port=8000): Read timed out. (read timeout=2)
[RELAY] API fetch failed: HTTPConnectionPool(host='localhost', port=8000): Read timed out. (read timeout=2)
[RELAY] API fetch failed: HTTPConnectionPool(host='localhost', port=8000): Read timed out. (read timeout=2)
[RELAY] API fetch failed: HTTPConnectionPool(host='localhost', port=8000): Read timed out. (read timeout=2)
[RELAY] API fetch failed: HTTPConnectionPool(host='localhost', port=8000): Read timed out. (read timeout=2)
[RELAY] API fetch failed: HTTPConnectionPool(host='localhost', port=8000): Read timed out. (read timeout=2)
[RELAY] API fetch failed: HTTPConnectionPool(host='localhost', port=8000): Read timed out. (read timeout=2)
[RELAY] API fetch failed: HTTPConnectionPool(host='localhost', port=8000): Read timed out. (read timeout=2)
[RELAY] API fetch failed: HTTPConnectionPool(host='localhost', port=8000): Read timed out. (read timeout=2)
[RELAY] API fetch failed: HTTPConnectionPool(host='localhost', port=8000): Read timed out. (read timeout=2)
[RELAY] API fetch failed: HTTPConnectionPool(host='localhost', port=8000): Read timed out. (read timeout=2)
[RELAY] API fetch failed: HTTPConnectionPool(host='localhost', port=8000): Read timed out. (read timeout=2)
[RELAY] API fetch failed: HTTPConnectionPool(host='localhost', port=8000): Read timed out. (read timeout=2)
[RELAY] API fetch failed: HTTPConnectionPool(host='localhost', port=8000): Read timed out. (read timeout=2)
[RELAY] API fetch failed: HTTPConnectionPool(host='localhost', port=8000): Read timed out. (read timeout=2)
[RELAY] API fetch failed: HTTPConnectionPool(host='localhost', port=8000): Read timed out. (read timeout=2)
[RELAY] API fetch failed: HTTPConnectionPool(host='localhost', port=8000): Read timed out. (read timeout=2)
[RELAY] API fetch failed: HTTPConnectionPool(host='localhost', port=8000): Read timed out. (read timeout=2)
[RELAY] API fetch failed: HTTPConnectionPool(host='localhost', port=8000): Read timed out. (read timeout=2)
[RELAY] API fetch failed: HTTPConnectionPool(host='localhost', port=8000): Read timed out. (read timeout=2)
[RELAY] API fetch failed: HTTPConnectionPool(host='localhost', port=8000): Read timed out. (read timeout=2)
[RELAY] API fetch failed: HTTPConnectionPool(host='localhost', port=8000): Read timed out. (read timeout=2)
[RELAY] API fetch failed: HTTPConnectionPool(host='localhost', port=8000): Read timed out. (read timeout=2)
[RELAY] API fetch failed: HTTPConnectionPool(host='localhost', port=8000): Read timed out. (read timeout=2)
[RELAY] API fetch failed: HTTPConnectionPool(host='localhost', port=8000): Read timed out. (read timeout=2)
[RELAY] API fetch failed: HTTPConnectionPool(host='localhost', port=8000): Read timed out. (read timeout=2)
[RELAY] API fetch failed: HTTPConnectionPool(host='localhost', port=8000): Read timed out. (read timeout=2)
[RELAY] API fetch failed: HTTPConnectionPool(host='localhost', port=8000): Read timed out. (read timeout=2)
[RELAY] API fetch failed: HTTPConnectionPool(host='localhost', port=8000): Read timed out. (read timeout=2)
[RELAY] API fetch failed: HTTPConnectionPool(host='localhost', port=8000): Read timed out. (read timeout=2)
[RELAY] API fetch failed: HTTPConnectionPool(host='localhost', port=8000): Read timed out. (read timeout=2)
[RELAY] API fetch failed: HTTPConnectionPool(host='localhost', port=8000): Read timed out. (read timeout=2)
[RELAY] API fetch failed: HTTPConnectionPool(host='localhost', port=8000): Read timed out. (read timeout=2)
[RELAY] API fetch failed: HTTPConnectionPool(host='localhost', port=8000): Read timed out. (read timeout=2)
[RELAY] API fetch failed: HTTPConnectionPool(host='localhost', port=8000): Read timed out. (read timeout=2)
[RELAY] API fetch failed: HTTPConnectionPool(host='localhost', port=8000): Read timed out. (read timeout=2)
[RELAY] API fetch failed: HTTPConnectionPool(host='localhost', port=8000): Read timed out. (read timeout=2)
[RELAY] API fetch failed: HTTPConnectionPool(host='localhost', port=8000): Read timed out. (read timeout=2)
[RELAY] API fetch failed: HTTPConnectionPool(host='localhost', port=8000): Read timed out. (read timeout=2)
[RELAY] API fetch failed: HTTPConnectionPool(host='localhost', port=8000): Read timed out. (read timeout=2)
[RELAY] API fetch failed: HTTPConnectionPool(host='localhost', port=8000): Read timed out. (read timeout=2)
[RELAY] API fetch failed: HTTPConnectionPool(host='localhost', port=8000): Read timed out. (read timeout=2)
[RELAY] API fetch failed: HTTPConnectionPool(host='localhost', port=8000): Read timed out. (read timeout=2)
[RELAY] API fetch failed: HTTPConnectionPool(host='localhost', port=8000): Read timed out. (read timeout=2)
[RELAY] API fetch failed: HTTPConnectionPool(host='localhost', port=8000): Read timed out. (read timeout=2)
[RELAY] API fetch failed: HTTPConnectionPool(host='localhost', port=8000): Read timed out. (read timeout=2)
[RELAY] API fetch failed: HTTPConnectionPool(host='localhost', port=8000): Read timed out. (read timeout=2)
[RELAY] API fetch failed: HTTPConnectionPool(host='localhost', port=8000): Read timed out. (read timeout=2)
[RELAY] API fetch failed: HTTPConnectionPool(host='localhost', port=8000): Read timed out. (read timeout=2)
[RELAY] API fetch failed: HTTPConnectionPool(host='localhost', port=8000): Read timed out. (read timeout=2)
[RELAY] API fetch failed: HTTPConnectionPool(host='localhost', port=8000): Read timed out. (read timeout=2)
[RELAY] API fetch failed: HTTPConnectionPool(host='localhost', port=8000): Read timed out. (read timeout=2)
[RELAY] API fetch failed: HTTPConnectionPool(host='localhost', port=8000): Read timed out. (read timeout=2)
[RELAY] API fetch failed: HTTPConnectionPool(host='localhost', port=8000): Read timed out. (read timeout=2)
[RELAY] API fetch failed: HTTPConnectionPool(host='localhost', port=8000): Read timed out. (read timeout=2)
[RELAY] API fetch failed: HTTPConnectionPool(host='localhost', port=8000): Read timed out. (read timeout=2)
[RELAY] API fetch failed: HTTPConnectionPool(host='localhost', port=8000): Read timed out. (read timeout=2)
[RELAY] API fetch failed: HTTPConnectionPool(host='localhost', port=8000): Read timed out. (read timeout=2)
[RELAY] API fetch failed: HTTPConnectionPool(host='localhost', port=8000): Read timed out. (read timeout=2)
[RELAY] API fetch failed: HTTPConnectionPool(host='localhost', port=8000): Read timed out. (read timeout=2)
[RELAY] API fetch failed: HTTPConnectionPool(host='localhost', port=8000): Read timed out. (read timeout=2)
[RELAY] API fetch failed: HTTPConnectionPool(host='localhost', port=8000): Read timed out. (read timeout=2)
[RELAY] API fetch failed: HTTPConnectionPool(host='localhost', port=8000): Read timed out. (read timeout=2)
[RELAY] API fetch failed: HTTPConnectionPool(host='localhost', port=8000): Read timed out. (read timeout=2)
[RELAY] API fetch failed: HTTPConnectionPool(host='localhost', port=8000): Read timed out. (read timeout=2)
[RELAY] API fetch failed: HTTPConnectionPool(host='localhost', port=8000): Read timed out. (read timeout=2)
[RELAY] API fetch failed: HTTPConnectionPool(host='localhost', port=8000): Read timed out. (read timeout=2)
[RELAY] API fetch failed: HTTPConnectionPool(host='localhost', port=8000): Read timed out. (read timeout=2)
[RELAY] API fetch failed: HTTPConnectionPool(host='localhost', port=8000): Read timed out. (read timeout=2)
[RELAY] API fetch failed: HTTPConnectionPool(host='localhost', port=8000): Read timed out. (read timeout=2)
[RELAY] API fetch failed: HTTPConnectionPool(host='localhost', port=8000): Read timed out. (read timeout=2)
[RELAY] API fetch failed: HTTPConnectionPool(host='localhost', port=8000): Read timed out. (read timeout=2)
[RELAY] API fetch failed: HTTPConnectionPool(host='localhost', port=8000): Read timed out. (read timeout=2)
[RELAY] API fetch failed: HTTPConnectionPool(host='localhost', port=8000): Read timed out. (read timeout=2)
[RELAY] API fetch failed: HTTPConnectionPool(host='localhost', port=8000): Read timed out. (read timeout=2)
[RELAY] API fetch failed: HTTPConnectionPool(host='localhost', port=8000): Read timed out. (read timeout=2)
[RELAY] API fetch failed: HTTPConnectionPool(host='localhost', port=8000): Read timed out. (read timeout=2)
[RELAY] API fetch failed: HTTPConnectionPool(host='localhost', port=8000): Read timed out. (read timeout=2)
[RELAY] API fetch failed: HTTPConnectionPool(host='localhost', port=8000): Read timed out. (read timeout=2)
[RELAY] API fetch failed: HTTPConnectionPool(host='localhost', port=8000): Read timed out. (read timeout=2)
[RELAY] API fetch failed: HTTPConnectionPool(host='localhost', port=8000): Read timed out. (read timeout=2)
[RELAY] API fetch failed: HTTPConnectionPool(host='localhost', port=8000): Read timed out. (read timeout=2)
[RELAY] API fetch failed: HTTPConnectionPool(host='localhost', port=8000): Read timed out. (read timeout=2)
[RELAY] API fetch failed: HTTPConnectionPool(host='localhost', port=8000): Read timed out. (read timeout=2)
[RELAY] API fetch failed: HTTPConnectionPool(host='localhost', port=8000): Read timed out. (read timeout=2)
[RELAY] API fetch failed: HTTPConnectionPool(host='localhost', port=8000): Read timed out. (read timeout=2)
[RELAY] API fetch failed: HTTPConnectionPool(host='localhost', port=8000): Read timed out. (read timeout=2)
[RELAY] API fetch failed: HTTPConnectionPool(host='localhost', port=8000): Read timed out. (read timeout=2)
[RELAY] API fetch failed: HTTPConnectionPool(host='localhost', port=8000): Read timed out. (read timeout=2)
[RELAY] API fetch failed: HTTPConnectionPool(host='localhost', port=8000): Read timed out. (read timeout=2)
[RELAY] API fetch failed: HTTPConnectionPool(host='localhost', port=8000): Read timed out. (read timeout=2)
[RELAY] API fetch failed: HTTPConnectionPool(host='localhost', port=8000): Read timed out. (read timeout=2)
[RELAY] API fetch failed: HTTPConnectionPool(host='localhost', port=8000): Read timed out. (read timeout=2)
[RELAY] API fetch failed: HTTPConnectionPool(host='localhost', port=8000): Read timed out. (read timeout=2)
[RELAY] API fetch failed: HTTPConnectionPool(host='localhost', port=8000): Read timed out. (read timeout=2)
[RELAY] API fetch failed: HTTPConnectionPool(host='localhost', port=8000): Read timed out. (read timeout=2)
[RELAY] API fetch failed: HTTPConnectionPool(host='localhost', port=8000): Read timed out. (read timeout=2)
[RELAY] API fetch failed: HTTPConnectionPool(host='localhost', port=8000): Read timed out. (read timeout=2)
[RELAY] API fetch failed: HTTPConnectionPool(host='localhost', port=8000): Read timed out. (read timeout=2)
[RELAY] API fetch failed: HTTPConnectionPool(host='localhost', port=8000): Read timed out. (read timeout=2)
[RELAY] API fetch failed: HTTPConnectionPool(host='localhost', port=8000): Read timed out. (read timeout=2)
[RELAY] API fetch failed: HTTPConnectionPool(host='localhost', port=8000): Read timed out. (read timeout=2)
[RELAY] API fetch failed: HTTPConnectionPool(host='localhost', port=8000): Read timed out. (read timeout=2)
[RELAY] API fetch failed: HTTPConnectionPool(host='localhost', port=8000): Read timed out. (read timeout=2)
[RELAY] API fetch failed: HTTPConnectionPool(host='localhost', port=8000): Read timed out. (read timeout=2)
[RELAY] API fetch failed: HTTPConnectionPool(host='localhost', port=8000): Read timed out. (read timeout=2)
[RELAY] API fetch failed: HTTPConnectionPool(host='localhost', port=8000): Read timed out. (read timeout=2)
[RELAY] API fetch failed: HTTPConnectionPool(host='localhost', port=8000): Read timed out. (read timeout=2)
[RELAY] API fetch failed: HTTPConnectionPool(host='localhost', port=8000): Read timed out. (read timeout=2)
[RELAY] API fetch failed: HTTPConnectionPool(host='localhost', port=8000): Read timed out. (read timeout=2)
[RELAY] API fetch failed: HTTPConnectionPool(host='localhost', port=8000): Read timed out. (read timeout=2)
[RELAY] API fetch failed: HTTPConnectionPool(host='localhost', port=8000): Read timed out. (read timeout=2)
[RELAY] API fetch failed: HTTPConnectionPool(host='localhost', port=8000): Read timed out. (read timeout=2)
[RELAY] API fetch failed: HTTPConnectionPool(host='localhost', port=8000): Read timed out. (read timeout=2)
[RELAY] API fetch failed: HTTPConnectionPool(host='localhost', port=8000): Read timed out. (read timeout=2)
[RELAY] API fetch failed: HTTPConnectionPool(host='localhost', port=8000): Read timed out. (read timeout=2)
[RELAY] API fetch failed: HTTPConnectionPool(host='localhost', port=8000): Read timed out. (read timeout=2)
[RELAY] API fetch failed: HTTPConnectionPool(host='localhost', port=8000): Read timed out. (read timeout=2)
[RELAY] API fetch failed: HTTPConnectionPool(host='localhost', port=8000): Read timed out. (read timeout=2)
[RELAY] API fetch failed: HTTPConnectionPool(host='localhost', port=8000): Read timed out. (read timeout=2)
[RELAY] API fetch failed: HTTPConnectionPool(host='localhost', port=8000): Read timed out. (read timeout=2)
[RELAY] API fetch failed: HTTPConnectionPool(host='localhost', port=8000): Read timed out. (read timeout=2)
[RELAY] API fetch failed: HTTPConnectionPool(host='localhost', port=8000): Read timed out. (read timeout=2)
[RELAY] API fetch failed: HTTPConnectionPool(host='localhost', port=8000): Read timed out. (read timeout=2)
[RELAY] API fetch failed: HTTPConnectionPool(host='localhost', port=8000): Read timed out. (read timeout=2)